// Jest Snapshot v1, https://goo.gl/fbAQLP

exports[`renders correctly 1`] = `
<div>
  <div
    className="wrap-header"
  >
    <h1
      className="title"
    >
      Vincent
       
      Rodriguez
    </h1>
    <button
      onClick={[Function]}
    >
      Modifier
    </button>
    <button
      onClick={[Function]}
    >
      Supprimer
    </button>
  </div>
  <div
    className="wrap-content"
  >
    <div
      className="avatar"
    >
      <img
        alt="avatar"
        src="https://s3.amazonaws.com/mixture-mixed/21975/17188/img/photos/portraits/dogs/golden-retriever.jpg"
      />
    </div>
    <div
      className="content"
    >
      <p>
        Vincent
          
        Rodriguez
      </p>
      <p>
        rodrigodelanoche
      </p>
      <p>
        vincentrodrigu@hotmail.fr
      </p>
      <p>
        2018-06-07
      </p>
    </div>
  </div>
</div>
`;
