// Jest Snapshot v1, https://goo.gl/fbAQLP

exports[`renders correctly 1`] = `
ShallowWrapper {
  "length": 1,
  Symbol(enzyme.__root__): [Circular],
  Symbol(enzyme.__unrendered__): <Root />,
  Symbol(enzyme.__renderer__): Object {
    "batchedUpdates": [Function],
    "getNode": [Function],
    "render": [Function],
    "simulateEvent": [Function],
    "unmount": [Function],
  },
  Symbol(enzyme.__node__): Object {
    "instance": null,
    "key": undefined,
    "nodeType": "host",
    "props": Object {
      "children": Array [
        <Header
          title="Ouvrage"
        />,
        <div>
          <button
            onClick={[Function]}
          >
            Accueil
          </button>
          <button
            onClick={[Function]}
          >
            Accéder au chat
          </button>
          <button
            onClick={[Function]}
          >
            Mon profil
          </button>
          <button
            onClick={[Function]}
          >
            Créer un profil
          </button>
        </div>,
        <Home
          oneClass={[Function]}
          promos={Array []}
          students={Array []}
        />,
      ],
    },
    "ref": null,
    "rendered": Array [
      Object {
        "instance": null,
        "key": undefined,
        "nodeType": "class",
        "props": Object {
          "title": "Ouvrage",
        },
        "ref": null,
        "rendered": null,
        "type": [Function],
      },
      Object {
        "instance": null,
        "key": undefined,
        "nodeType": "host",
        "props": Object {
          "children": Array [
            <button
              onClick={[Function]}
            >
              Accueil
            </button>,
            <button
              onClick={[Function]}
            >
              Accéder au chat
            </button>,
            <button
              onClick={[Function]}
            >
              Mon profil
            </button>,
            <button
              onClick={[Function]}
            >
              Créer un profil
            </button>,
          ],
        },
        "ref": null,
        "rendered": Array [
          Object {
            "instance": null,
            "key": undefined,
            "nodeType": "host",
            "props": Object {
              "children": "Accueil",
              "onClick": [Function],
            },
            "ref": null,
            "rendered": "Accueil",
            "type": "button",
          },
          Object {
            "instance": null,
            "key": undefined,
            "nodeType": "host",
            "props": Object {
              "children": "Accéder au chat",
              "onClick": [Function],
            },
            "ref": null,
            "rendered": "Accéder au chat",
            "type": "button",
          },
          Object {
            "instance": null,
            "key": undefined,
            "nodeType": "host",
            "props": Object {
              "children": "Mon profil",
              "onClick": [Function],
            },
            "ref": null,
            "rendered": "Mon profil",
            "type": "button",
          },
          Object {
            "instance": null,
            "key": undefined,
            "nodeType": "host",
            "props": Object {
              "children": "Créer un profil",
              "onClick": [Function],
            },
            "ref": null,
            "rendered": "Créer un profil",
            "type": "button",
          },
        ],
        "type": "div",
      },
      Object {
        "instance": null,
        "key": undefined,
        "nodeType": "class",
        "props": Object {
          "oneClass": [Function],
          "promos": Array [],
          "students": Array [],
        },
        "ref": null,
        "rendered": null,
        "type": [Function],
      },
    ],
    "type": "div",
  },
  Symbol(enzyme.__nodes__): Array [
    Object {
      "instance": null,
      "key": undefined,
      "nodeType": "host",
      "props": Object {
        "children": Array [
          <Header
            title="Ouvrage"
          />,
          <div>
            <button
              onClick={[Function]}
            >
              Accueil
            </button>
            <button
              onClick={[Function]}
            >
              Accéder au chat
            </button>
            <button
              onClick={[Function]}
            >
              Mon profil
            </button>
            <button
              onClick={[Function]}
            >
              Créer un profil
            </button>
          </div>,
          <Home
            oneClass={[Function]}
            promos={Array []}
            students={Array []}
          />,
        ],
      },
      "ref": null,
      "rendered": Array [
        Object {
          "instance": null,
          "key": undefined,
          "nodeType": "class",
          "props": Object {
            "title": "Ouvrage",
          },
          "ref": null,
          "rendered": null,
          "type": [Function],
        },
        Object {
          "instance": null,
          "key": undefined,
          "nodeType": "host",
          "props": Object {
            "children": Array [
              <button
                onClick={[Function]}
              >
                Accueil
              </button>,
              <button
                onClick={[Function]}
              >
                Accéder au chat
              </button>,
              <button
                onClick={[Function]}
              >
                Mon profil
              </button>,
              <button
                onClick={[Function]}
              >
                Créer un profil
              </button>,
            ],
          },
          "ref": null,
          "rendered": Array [
            Object {
              "instance": null,
              "key": undefined,
              "nodeType": "host",
              "props": Object {
                "children": "Accueil",
                "onClick": [Function],
              },
              "ref": null,
              "rendered": "Accueil",
              "type": "button",
            },
            Object {
              "instance": null,
              "key": undefined,
              "nodeType": "host",
              "props": Object {
                "children": "Accéder au chat",
                "onClick": [Function],
              },
              "ref": null,
              "rendered": "Accéder au chat",
              "type": "button",
            },
            Object {
              "instance": null,
              "key": undefined,
              "nodeType": "host",
              "props": Object {
                "children": "Mon profil",
                "onClick": [Function],
              },
              "ref": null,
              "rendered": "Mon profil",
              "type": "button",
            },
            Object {
              "instance": null,
              "key": undefined,
              "nodeType": "host",
              "props": Object {
                "children": "Créer un profil",
                "onClick": [Function],
              },
              "ref": null,
              "rendered": "Créer un profil",
              "type": "button",
            },
          ],
          "type": "div",
        },
        Object {
          "instance": null,
          "key": undefined,
          "nodeType": "class",
          "props": Object {
            "oneClass": [Function],
            "promos": Array [],
            "students": Array [],
          },
          "ref": null,
          "rendered": null,
          "type": [Function],
        },
      ],
      "type": "div",
    },
  ],
  Symbol(enzyme.__options__): Object {
    "adapter": ReactSixteenAdapter {
      "options": Object {
        "enableComponentDidUpdateOnSetState": true,
      },
    },
  },
}
`;
