// Jest Snapshot v1, https://goo.gl/fbAQLP

exports[`renders correctly 1`] = `
<div>
  <h1>
    Ouvrage
  </h1>
  <div>
    <h1>
      Profile
    </h1>
    <div
      className="avatar"
    >
      <img
        alt="avatar"
        src="https://cdn.pixabay.com/photo/2015/10/05/22/37/blank-profile-picture-973460_960_720.png"
      />
    </div>
    <div
      className="content"
    >
      <p>
        Maxence
        ,  
        De Waele
      </p>
      <p>
        maxencedewaele@gmail.com
      </p>
      <p>
        838921463
      </p>
    </div>
  </div>
</div>
`;
