// Jest Snapshot v1, https://goo.gl/fbAQLP

exports[`renders correctly 1`] = `
<div>
  <a
    className="logo"
    href="index.jsx"
    title="Home page"
  >
    Ouvrage
  </a>
  <div
    id="show-profile"
  >
    <div
      className="wrap-header"
    >
      <h1
        className="title"
      >
        Vincent
         
        Rodriguez
      </h1>
      <button
        onClick={[Function]}
      >
        Modifier
      </button>
    </div>
    <div
      className="wrap-content"
    >
      <div
        className="wrap-datas"
      >
        <div
          className="avatar"
        >
          <img
            alt="avatar"
            src="https://s3.amazonaws.com/mixture-mixed/21975/17188/img/photos/portraits/dogs/golden-retriever.jpg"
          />
        </div>
        <div
          className="github"
        >
          <h2
            className="subtitle"
          >
            Profil Github
          </h2>
          <p>
            <span
              className="key"
            >
              Login : 
            </span>
          </p>
          <p>
            <span
              className="key"
            >
              Created at : 
            </span>
            07-06-2018
          </p>
          <p>
            <span
              className="key"
            >
              Followers : 
            </span>
          </p>
          <p>
            <span
              className="key"
            >
              Following : 
            </span>
          </p>
          <p>
            <span
              className="key"
            >
              Public repos : 
            </span>
          </p>
          <ul>
            
          </ul>
        </div>
      </div>
      <div
        className="content"
      >
        <h2
          className="subtitle"
        >
          Profil personnel
        </h2>
        <p>
          Vincent
            
          Rodriguez
        </p>
        <p>
          rodrigodelanoche
        </p>
        <p>
          vincentrodrigu@hotmail.fr
        </p>
        <p>
          2018-06-07
        </p>
      </div>
    </div>
  </div>
</div>
`;
