// Jest Snapshot v1, https://goo.gl/fbAQLP

exports[`renders correctly 1`] = `
<div>
  <a
    className="logo"
    href="index.jsx"
    title="Home page"
  >
    Ouvrage
  </a>
  <div
    className="profile"
  >
    <button
      onClick={[Function]}
    >
      Modifier
    </button>
    <div
      className="wrap-header"
    >
      <h1
        className="title"
      >
        Vincent
         
        Rodriguez
      </h1>
    </div>
    <div
      className="wrap-content"
    >
      <div
        className="avatar"
      >
        <img
          alt="avatar"
          src="http://etc.usf.edu/clipart/5500/5596/columbus_14_md.gif"
        />
      </div>
      <div
        className="content"
      >
        <p>
          Vincent
          ,  
          Rodriguez
        </p>
        <p>
          vincentrodrigu@hotmail.fr
        </p>
        <p>
          14/05/1413
        </p>
      </div>
    </div>
  </div>
</div>
`;
